16:18:06 DEBUG : Logs will be stored at 'C:/ECE520/Vivado/Lab2/axi_gpio_ab/axi_gpio_vitis/IDE.log'.
16:18:18 INFO  : Launching XSCT server: xsct.bat -n  -interactive C:\ECE520\Vivado\Lab2\axi_gpio_ab\axi_gpio_vitis\temp_xsdb_launch_script.tcl
16:18:18 INFO  : Registering command handlers for Vitis TCF services
16:18:19 INFO  : Platform repository initialization has completed.
16:18:23 INFO  : XSCT server has started successfully.
16:18:28 INFO  : plnx-install-location is set to ''
16:18:28 INFO  : Successfully done setting XSCT server connection channel  
16:18:28 INFO  : Successfully done query RDI_DATADIR 
16:18:28 INFO  : Successfully done setting workspace for the tool. 
16:19:37 INFO  : Result from executing command 'getProjects': axi_gpio_platform
16:19:37 INFO  : Result from executing command 'getPlatforms': xilinx_zcu102_base_202310_1|C:/Xilinx/Vitis/2023.1/base_platforms/xilinx_zcu102_base_202310_1/xilinx_zcu102_base_202310_1.xpfm;xilinx_zcu102_base_dfx_202310_1|C:/Xilinx/Vitis/2023.1/base_platforms/xilinx_zcu102_base_dfx_202310_1/xilinx_zcu102_base_dfx_202310_1.xpfm;xilinx_zcu104_base_202310_1|C:/Xilinx/Vitis/2023.1/base_platforms/xilinx_zcu104_base_202310_1/xilinx_zcu104_base_202310_1.xpfm
16:20:17 INFO  : Result from executing command 'getProjects': axi_gpio_platform
16:20:17 INFO  : Result from executing command 'getPlatforms': axi_gpio_platform|C:/ECE520/Vivado/Lab2/axi_gpio_ab/axi_gpio_vitis/axi_gpio_platform/export/axi_gpio_platform/axi_gpio_platform.xpfm;xilinx_zcu102_base_202310_1|C:/Xilinx/Vitis/2023.1/base_platforms/xilinx_zcu102_base_202310_1/xilinx_zcu102_base_202310_1.xpfm;xilinx_zcu102_base_dfx_202310_1|C:/Xilinx/Vitis/2023.1/base_platforms/xilinx_zcu102_base_dfx_202310_1/xilinx_zcu102_base_dfx_202310_1.xpfm;xilinx_zcu104_base_202310_1|C:/Xilinx/Vitis/2023.1/base_platforms/xilinx_zcu104_base_202310_1/xilinx_zcu104_base_202310_1.xpfm
16:29:09 INFO  : Checking for BSP changes to sync application flags for project 'axi_gpio_app'...
16:29:21 INFO  : Checking for BSP changes to sync application flags for project 'axi_gpio_app'...
16:29:55 INFO  : Checking for BSP changes to sync application flags for project 'axi_gpio_app'...
16:30:07 INFO  : Checking for BSP changes to sync application flags for project 'axi_gpio_app'...
16:30:23 INFO  : Checking for BSP changes to sync application flags for project 'axi_gpio_app'...
16:30:33 INFO  : Checking for BSP changes to sync application flags for project 'axi_gpio_app'...
16:30:40 INFO  : Checking for BSP changes to sync application flags for project 'axi_gpio_app'...
16:31:12 INFO  : Connected to target on host '127.0.0.1' and port '3121'.
16:31:30 INFO  : ----------------XSDB Script----------------
connect -url tcp:127.0.0.1:3121
----------------End of Script----------------

16:31:30 ERROR : Could not find ARM device on the board for connection 'Local'.
Check if the target is in:
1. Split JTAG - No operations are possible with ARM DAP.
2. Non JTAG bootmode - Bootrom may need time to enable DAP.
Please try again.


Troubleshooting hints:
1. Check whether board is connected to system properly.
2. In case of zynq board, check whether Digilent/Xilinx cable switch settings are correct.
3. If you are using Xilinx Platform Cable USB, ensure that status LED is green.
16:32:19 INFO  : Connected to target on host '127.0.0.1' and port '3121'.
16:32:20 INFO  : Jtag cable 'Digilent Zybo Z7 210351B3FE7AA' is selected.
16:32:20 INFO  : 'jtag frequency' command is executed.
16:32:20 INFO  : Context for 'APU' is selected.
16:32:20 INFO  : System reset is completed.
16:32:23 INFO  : 'after 3000' command is executed.
16:32:25 INFO  : 'targets -set -filter {jtag_cable_name =~ "Digilent Zybo Z7 210351B3FE7AA" && level==0 && jtag_device_ctx=="jsn-Zybo Z7-210351B3FE7AA-13722093-0"}' command is executed.
16:32:27 INFO  : Device configured successfully with "C:/ECE520/Vivado/Lab2/axi_gpio_ab/axi_gpio_vitis/axi_gpio_app/_ide/bitstream/axi_gpio_ab_wrapper.bit"
16:32:28 INFO  : Context for 'APU' is selected.
16:32:28 INFO  : Hardware design and registers information is loaded from 'C:/ECE520/Vivado/Lab2/axi_gpio_ab/axi_gpio_vitis/axi_gpio_platform/export/axi_gpio_platform/hw/axi_gpio_ab_wrapper.xsa'.
16:32:28 INFO  : 'configparams force-mem-access 1' command is executed.
16:32:30 INFO  : Context for 'APU' is selected.
16:32:30 INFO  : Sourcing of 'C:/ECE520/Vivado/Lab2/axi_gpio_ab/axi_gpio_vitis/axi_gpio_app/_ide/psinit/ps7_init.tcl' is done.
16:32:31 INFO  : 'ps7_init' command is executed.
16:32:31 INFO  : 'ps7_post_config' command is executed.
16:32:31 INFO  : Context for processor 'ps7_cortexa9_0' is selected.
16:32:32 INFO  : The application 'C:/ECE520/Vivado/Lab2/axi_gpio_ab/axi_gpio_vitis/axi_gpio_app/Debug/axi_gpio_app.elf' is downloaded to processor 'ps7_cortexa9_0'.
16:32:32 INFO  : 'configparams force-mem-access 0' command is executed.
16:32:32 INFO  : ----------------XSDB Script----------------
connect -url tcp:127.0.0.1:3121
targets -set -nocase -filter {name =~"APU*"}
rst -system
after 3000
targets -set -filter {jtag_cable_name =~ "Digilent Zybo Z7 210351B3FE7AA" && level==0 && jtag_device_ctx=="jsn-Zybo Z7-210351B3FE7AA-13722093-0"}
fpga -file C:/ECE520/Vivado/Lab2/axi_gpio_ab/axi_gpio_vitis/axi_gpio_app/_ide/bitstream/axi_gpio_ab_wrapper.bit
targets -set -nocase -filter {name =~"APU*"}
loadhw -hw C:/ECE520/Vivado/Lab2/axi_gpio_ab/axi_gpio_vitis/axi_gpio_platform/export/axi_gpio_platform/hw/axi_gpio_ab_wrapper.xsa -mem-ranges [list {0x40000000 0xbfffffff}] -regs
configparams force-mem-access 1
targets -set -nocase -filter {name =~"APU*"}
source C:/ECE520/Vivado/Lab2/axi_gpio_ab/axi_gpio_vitis/axi_gpio_app/_ide/psinit/ps7_init.tcl
ps7_init
ps7_post_config
targets -set -nocase -filter {name =~ "*A9*#0"}
dow C:/ECE520/Vivado/Lab2/axi_gpio_ab/axi_gpio_vitis/axi_gpio_app/Debug/axi_gpio_app.elf
configparams force-mem-access 0
----------------End of Script----------------

16:32:32 INFO  : Context for processor 'ps7_cortexa9_0' is selected.
16:32:32 INFO  : 'con' command is executed.
16:32:32 INFO  : ----------------XSDB Script (After Launch)----------------
targets -set -nocase -filter {name =~ "*A9*#0"}
con
----------------End of Script----------------

16:32:32 INFO  : Launch script is exported to file 'C:\ECE520\Vivado\Lab2\axi_gpio_ab\axi_gpio_vitis\axi_gpio_app_system\_ide\scripts\debugger_axi_gpio_app-default.tcl'
18:53:34 INFO  : Disconnected from the channel tcfchan#3.
18:53:35 INFO  : Connected to target on host '127.0.0.1' and port '3121'.
18:53:35 INFO  : Jtag cable 'Digilent Zybo Z7 210351B3FE7AA' is selected.
18:53:35 ERROR : port closed
18:53:35 INFO  : ----------------XSDB Script----------------
connect -url tcp:127.0.0.1:3121
----------------End of Script----------------

18:53:35 ERROR : port closed
18:53:43 INFO  : Connected to target on host '127.0.0.1' and port '3121'.
18:53:44 INFO  : Jtag cable 'Digilent Zybo Z7 210351B3FE7AA' is selected.
18:53:44 INFO  : 'jtag frequency' command is executed.
18:53:44 INFO  : Context for 'APU' is selected.
18:53:44 INFO  : System reset is completed.
18:53:47 INFO  : 'after 3000' command is executed.
18:53:47 INFO  : 'targets -set -filter {jtag_cable_name =~ "Digilent Zybo Z7 210351B3FE7AA" && level==0 && jtag_device_ctx=="jsn-Zybo Z7-210351B3FE7AA-13722093-0"}' command is executed.
18:53:48 INFO  : Device configured successfully with "C:/ECE520/Vivado/Lab2/axi_gpio_ab/axi_gpio_vitis/axi_gpio_app/_ide/bitstream/axi_gpio_ab_wrapper.bit"
18:53:48 INFO  : Context for 'APU' is selected.
18:53:48 INFO  : Hardware design and registers information is loaded from 'C:/ECE520/Vivado/Lab2/axi_gpio_ab/axi_gpio_vitis/axi_gpio_platform/export/axi_gpio_platform/hw/axi_gpio_ab_wrapper.xsa'.
18:53:48 INFO  : 'configparams force-mem-access 1' command is executed.
18:53:48 INFO  : Context for 'APU' is selected.
18:53:48 INFO  : Sourcing of 'C:/ECE520/Vivado/Lab2/axi_gpio_ab/axi_gpio_vitis/axi_gpio_app/_ide/psinit/ps7_init.tcl' is done.
18:53:48 INFO  : 'ps7_init' command is executed.
18:53:49 INFO  : 'ps7_post_config' command is executed.
18:53:49 INFO  : Context for processor 'ps7_cortexa9_0' is selected.
18:53:49 INFO  : The application 'C:/ECE520/Vivado/Lab2/axi_gpio_ab/axi_gpio_vitis/axi_gpio_app/Debug/axi_gpio_app.elf' is downloaded to processor 'ps7_cortexa9_0'.
18:53:49 INFO  : 'configparams force-mem-access 0' command is executed.
18:53:49 INFO  : ----------------XSDB Script----------------
connect -url tcp:127.0.0.1:3121
targets -set -nocase -filter {name =~"APU*"}
rst -system
after 3000
targets -set -filter {jtag_cable_name =~ "Digilent Zybo Z7 210351B3FE7AA" && level==0 && jtag_device_ctx=="jsn-Zybo Z7-210351B3FE7AA-13722093-0"}
fpga -file C:/ECE520/Vivado/Lab2/axi_gpio_ab/axi_gpio_vitis/axi_gpio_app/_ide/bitstream/axi_gpio_ab_wrapper.bit
targets -set -nocase -filter {name =~"APU*"}
loadhw -hw C:/ECE520/Vivado/Lab2/axi_gpio_ab/axi_gpio_vitis/axi_gpio_platform/export/axi_gpio_platform/hw/axi_gpio_ab_wrapper.xsa -mem-ranges [list {0x40000000 0xbfffffff}] -regs
configparams force-mem-access 1
targets -set -nocase -filter {name =~"APU*"}
source C:/ECE520/Vivado/Lab2/axi_gpio_ab/axi_gpio_vitis/axi_gpio_app/_ide/psinit/ps7_init.tcl
ps7_init
ps7_post_config
targets -set -nocase -filter {name =~ "*A9*#0"}
dow C:/ECE520/Vivado/Lab2/axi_gpio_ab/axi_gpio_vitis/axi_gpio_app/Debug/axi_gpio_app.elf
configparams force-mem-access 0
----------------End of Script----------------

18:53:49 INFO  : Context for processor 'ps7_cortexa9_0' is selected.
18:53:49 INFO  : 'con' command is executed.
18:53:49 INFO  : ----------------XSDB Script (After Launch)----------------
targets -set -nocase -filter {name =~ "*A9*#0"}
con
----------------End of Script----------------

18:53:49 INFO  : Launch script is exported to file 'C:\ECE520\Vivado\Lab2\axi_gpio_ab\axi_gpio_vitis\axi_gpio_app_system\_ide\scripts\debugger_axi_gpio_app-default.tcl'
19:10:33 INFO  : Disconnected from the channel tcfchan#4.
19:10:34 INFO  : Connected to target on host '127.0.0.1' and port '3121'.
19:10:34 INFO  : Jtag cable 'Digilent Zybo Z7 210351B3FE7AA' is selected.
19:10:34 INFO  : 'jtag frequency' command is executed.
19:10:34 INFO  : Context for 'APU' is selected.
19:10:34 INFO  : System reset is completed.
19:10:37 INFO  : 'after 3000' command is executed.
19:10:37 INFO  : 'targets -set -filter {jtag_cable_name =~ "Digilent Zybo Z7 210351B3FE7AA" && level==0 && jtag_device_ctx=="jsn-Zybo Z7-210351B3FE7AA-13722093-0"}' command is executed.
19:10:39 INFO  : Device configured successfully with "C:/ECE520/Vivado/Lab2/axi_gpio_ab/axi_gpio_vitis/axi_gpio_app/_ide/bitstream/axi_gpio_ab_wrapper.bit"
19:10:39 INFO  : Context for 'APU' is selected.
19:10:39 INFO  : Hardware design and registers information is loaded from 'C:/ECE520/Vivado/Lab2/axi_gpio_ab/axi_gpio_vitis/axi_gpio_platform/export/axi_gpio_platform/hw/axi_gpio_ab_wrapper.xsa'.
19:10:39 INFO  : 'configparams force-mem-access 1' command is executed.
19:10:39 INFO  : Context for 'APU' is selected.
19:10:39 INFO  : Sourcing of 'C:/ECE520/Vivado/Lab2/axi_gpio_ab/axi_gpio_vitis/axi_gpio_app/_ide/psinit/ps7_init.tcl' is done.
19:10:39 INFO  : 'ps7_init' command is executed.
19:10:39 INFO  : 'ps7_post_config' command is executed.
19:10:39 INFO  : Context for processor 'ps7_cortexa9_0' is selected.
19:10:39 INFO  : The application 'C:/ECE520/Vivado/Lab2/axi_gpio_ab/axi_gpio_vitis/axi_gpio_app/Debug/axi_gpio_app.elf' is downloaded to processor 'ps7_cortexa9_0'.
19:10:39 INFO  : 'configparams force-mem-access 0' command is executed.
19:10:39 INFO  : ----------------XSDB Script----------------
connect -url tcp:127.0.0.1:3121
targets -set -nocase -filter {name =~"APU*"}
rst -system
after 3000
targets -set -filter {jtag_cable_name =~ "Digilent Zybo Z7 210351B3FE7AA" && level==0 && jtag_device_ctx=="jsn-Zybo Z7-210351B3FE7AA-13722093-0"}
fpga -file C:/ECE520/Vivado/Lab2/axi_gpio_ab/axi_gpio_vitis/axi_gpio_app/_ide/bitstream/axi_gpio_ab_wrapper.bit
targets -set -nocase -filter {name =~"APU*"}
loadhw -hw C:/ECE520/Vivado/Lab2/axi_gpio_ab/axi_gpio_vitis/axi_gpio_platform/export/axi_gpio_platform/hw/axi_gpio_ab_wrapper.xsa -mem-ranges [list {0x40000000 0xbfffffff}] -regs
configparams force-mem-access 1
targets -set -nocase -filter {name =~"APU*"}
source C:/ECE520/Vivado/Lab2/axi_gpio_ab/axi_gpio_vitis/axi_gpio_app/_ide/psinit/ps7_init.tcl
ps7_init
ps7_post_config
targets -set -nocase -filter {name =~ "*A9*#0"}
dow C:/ECE520/Vivado/Lab2/axi_gpio_ab/axi_gpio_vitis/axi_gpio_app/Debug/axi_gpio_app.elf
configparams force-mem-access 0
----------------End of Script----------------

19:10:40 INFO  : Context for processor 'ps7_cortexa9_0' is selected.
19:10:40 INFO  : 'con' command is executed.
19:10:40 INFO  : ----------------XSDB Script (After Launch)----------------
targets -set -nocase -filter {name =~ "*A9*#0"}
con
----------------End of Script----------------

19:10:40 INFO  : Launch script is exported to file 'C:\ECE520\Vivado\Lab2\axi_gpio_ab\axi_gpio_vitis\axi_gpio_app_system\_ide\scripts\debugger_axi_gpio_app-default.tcl'
19:46:28 INFO  : Disconnected from the channel tcfchan#5.
19:46:29 INFO  : Connected to target on host '127.0.0.1' and port '3121'.
19:46:29 INFO  : Jtag cable 'Digilent Zybo Z7 210351B3FE7AA' is selected.
19:46:29 ERROR : port closed
19:46:29 INFO  : ----------------XSDB Script----------------
connect -url tcp:127.0.0.1:3121
----------------End of Script----------------

19:46:29 ERROR : port closed
19:46:35 INFO  : Connected to target on host '127.0.0.1' and port '3121'.
19:46:35 INFO  : Jtag cable 'Digilent Zybo Z7 210351B3FE7AA' is selected.
19:46:35 INFO  : 'jtag frequency' command is executed.
19:46:35 INFO  : Context for 'APU' is selected.
19:46:35 INFO  : System reset is completed.
19:46:38 INFO  : 'after 3000' command is executed.
19:46:38 INFO  : 'targets -set -filter {jtag_cable_name =~ "Digilent Zybo Z7 210351B3FE7AA" && level==0 && jtag_device_ctx=="jsn-Zybo Z7-210351B3FE7AA-13722093-0"}' command is executed.
19:46:40 INFO  : Device configured successfully with "C:/ECE520/Vivado/Lab2/axi_gpio_ab/axi_gpio_vitis/axi_gpio_app/_ide/bitstream/axi_gpio_ab_wrapper.bit"
19:46:40 INFO  : Context for 'APU' is selected.
19:46:40 INFO  : Hardware design and registers information is loaded from 'C:/ECE520/Vivado/Lab2/axi_gpio_ab/axi_gpio_vitis/axi_gpio_platform/export/axi_gpio_platform/hw/axi_gpio_ab_wrapper.xsa'.
19:46:40 INFO  : 'configparams force-mem-access 1' command is executed.
19:46:40 INFO  : Context for 'APU' is selected.
19:46:40 INFO  : Sourcing of 'C:/ECE520/Vivado/Lab2/axi_gpio_ab/axi_gpio_vitis/axi_gpio_app/_ide/psinit/ps7_init.tcl' is done.
19:46:40 INFO  : 'ps7_init' command is executed.
19:46:40 INFO  : 'ps7_post_config' command is executed.
19:46:40 INFO  : Context for processor 'ps7_cortexa9_0' is selected.
19:46:40 INFO  : The application 'C:/ECE520/Vivado/Lab2/axi_gpio_ab/axi_gpio_vitis/axi_gpio_app/Debug/axi_gpio_app.elf' is downloaded to processor 'ps7_cortexa9_0'.
19:46:40 INFO  : 'configparams force-mem-access 0' command is executed.
19:46:40 INFO  : ----------------XSDB Script----------------
connect -url tcp:127.0.0.1:3121
targets -set -nocase -filter {name =~"APU*"}
rst -system
after 3000
targets -set -filter {jtag_cable_name =~ "Digilent Zybo Z7 210351B3FE7AA" && level==0 && jtag_device_ctx=="jsn-Zybo Z7-210351B3FE7AA-13722093-0"}
fpga -file C:/ECE520/Vivado/Lab2/axi_gpio_ab/axi_gpio_vitis/axi_gpio_app/_ide/bitstream/axi_gpio_ab_wrapper.bit
targets -set -nocase -filter {name =~"APU*"}
loadhw -hw C:/ECE520/Vivado/Lab2/axi_gpio_ab/axi_gpio_vitis/axi_gpio_platform/export/axi_gpio_platform/hw/axi_gpio_ab_wrapper.xsa -mem-ranges [list {0x40000000 0xbfffffff}] -regs
configparams force-mem-access 1
targets -set -nocase -filter {name =~"APU*"}
source C:/ECE520/Vivado/Lab2/axi_gpio_ab/axi_gpio_vitis/axi_gpio_app/_ide/psinit/ps7_init.tcl
ps7_init
ps7_post_config
targets -set -nocase -filter {name =~ "*A9*#0"}
dow C:/ECE520/Vivado/Lab2/axi_gpio_ab/axi_gpio_vitis/axi_gpio_app/Debug/axi_gpio_app.elf
configparams force-mem-access 0
----------------End of Script----------------

19:46:40 INFO  : Context for processor 'ps7_cortexa9_0' is selected.
19:46:40 INFO  : 'con' command is executed.
19:46:40 INFO  : ----------------XSDB Script (After Launch)----------------
targets -set -nocase -filter {name =~ "*A9*#0"}
con
----------------End of Script----------------

19:46:40 INFO  : Launch script is exported to file 'C:\ECE520\Vivado\Lab2\axi_gpio_ab\axi_gpio_vitis\axi_gpio_app_system\_ide\scripts\debugger_axi_gpio_app-default.tcl'
