22:21:39 **** Incremental Build of configuration Debug for project axi_gpio_app_tb ****
make all 
make --no-print-directory pre-build
a9-linaro-pre-build-step
' '
make --no-print-directory main-build
'Building file: ../src/helloworld.c'
'Invoking: ARM v7 gcc compiler'
arm-none-eabi-gcc -Wall -O0 -g3 -c -fmessage-length=0 -MT"src/helloworld.o" -mcpu=cortex-a9 -mfpu=vfpv3 -mfloat-abi=hard -IC:/ECE520/Vivado/Lab2/axi_gpio_ab/axi_gpio_vitis_T1/axi_gpio_platform_T1/export/axi_gpio_platform_T1/sw/axi_gpio_platform_T1/standalone_domain/bspinclude/include -MMD -MP -MF"src/helloworld.d" -MT"src/helloworld.o" -o "src/helloworld.o" "../src/helloworld.c"
'Finished building: ../src/helloworld.c'
' '
'Building target: axi_gpio_app_tb.elf'
'Invoking: ARM v7 gcc linker'
arm-none-eabi-gcc -mcpu=cortex-a9 -mfpu=vfpv3 -mfloat-abi=hard -Wl,-build-id=none -specs=Xilinx.spec -Wl,-T -Wl,../src/lscript.ld -LC:/ECE520/Vivado/Lab2/axi_gpio_ab/axi_gpio_vitis_T1/axi_gpio_platform_T1/export/axi_gpio_platform_T1/sw/axi_gpio_platform_T1/standalone_domain/bsplib/lib -o "axi_gpio_app_tb.elf"  ./src/helloworld.o ./src/platform.o   -Wl,--start-group,-lxil,-lgcc,-lc,--end-group
'Finished building target: axi_gpio_app_tb.elf'
' '
'Invoking: ARM v7 Print Size'
arm-none-eabi-size axi_gpio_app_tb.elf  |tee "axi_gpio_app_tb.elf.size"
   text	   data	    bss	    dec	    hex	filename
  24113	   1192	  22584	  47889	   bb11	axi_gpio_app_tb.elf
'Finished building: axi_gpio_app_tb.elf.size'
' '

22:21:40 Build Finished (took 940ms)

